------------------------------------------------------------
TimeQuest Timing Analyzer Summary
------------------------------------------------------------

Type  : Slow 1200mV 85C Model Setup 'u1|u1|altpll_component|pll|clk[0]'
Slack : -3.788
TNS   : -2035.965

Type  : Slow 1200mV 85C Model Setup 'OSC_50'
Slack : 4.988
TNS   : 0.000

Type  : Slow 1200mV 85C Model Setup 'u1|u1|altpll_component|pll|clk[2]'
Slack : 12.196
TNS   : 0.000

Type  : Slow 1200mV 85C Model Setup 'altera_reserved_tck'
Slack : 45.529
TNS   : 0.000

Type  : Slow 1200mV 85C Model Hold 'OSC_50'
Slack : 0.277
TNS   : 0.000

Type  : Slow 1200mV 85C Model Hold 'u1|u1|altpll_component|pll|clk[2]'
Slack : 0.334
TNS   : 0.000

Type  : Slow 1200mV 85C Model Hold 'u1|u1|altpll_component|pll|clk[0]'
Slack : 0.403
TNS   : 0.000

Type  : Slow 1200mV 85C Model Hold 'altera_reserved_tck'
Slack : 0.405
TNS   : 0.000

Type  : Slow 1200mV 85C Model Recovery 'u1|u1|altpll_component|pll|clk[0]'
Slack : 6.795
TNS   : 0.000

Type  : Slow 1200mV 85C Model Recovery 'OSC_50'
Slack : 8.305
TNS   : 0.000

Type  : Slow 1200mV 85C Model Recovery 'altera_reserved_tck'
Slack : 48.271
TNS   : 0.000

Type  : Slow 1200mV 85C Model Removal 'altera_reserved_tck'
Slack : 1.164
TNS   : 0.000

Type  : Slow 1200mV 85C Model Removal 'u1|u1|altpll_component|pll|clk[0]'
Slack : 1.497
TNS   : 0.000

Type  : Slow 1200mV 85C Model Removal 'OSC_50'
Slack : 7.172
TNS   : 0.000

Type  : Slow 1200mV 85C Model Minimum Pulse Width 'u1|u1|altpll_component|pll|clk[0]'
Slack : 4.614
TNS   : 0.000

Type  : Slow 1200mV 85C Model Minimum Pulse Width 'OSC_50'
Slack : 9.413
TNS   : 0.000

Type  : Slow 1200mV 85C Model Minimum Pulse Width 'u1|u1|altpll_component|pll|clk[2]'
Slack : 19.707
TNS   : 0.000

Type  : Slow 1200mV 85C Model Minimum Pulse Width 'altera_reserved_tck'
Slack : 49.499
TNS   : 0.000

Type  : Slow 1200mV 0C Model Setup 'u1|u1|altpll_component|pll|clk[0]'
Slack : -2.710
TNS   : -1188.738

Type  : Slow 1200mV 0C Model Setup 'OSC_50'
Slack : 6.202
TNS   : 0.000

Type  : Slow 1200mV 0C Model Setup 'u1|u1|altpll_component|pll|clk[2]'
Slack : 12.946
TNS   : 0.000

Type  : Slow 1200mV 0C Model Setup 'altera_reserved_tck'
Slack : 46.004
TNS   : 0.000

Type  : Slow 1200mV 0C Model Hold 'OSC_50'
Slack : 0.281
TNS   : 0.000

Type  : Slow 1200mV 0C Model Hold 'u1|u1|altpll_component|pll|clk[2]'
Slack : 0.335
TNS   : 0.000

Type  : Slow 1200mV 0C Model Hold 'u1|u1|altpll_component|pll|clk[0]'
Slack : 0.354
TNS   : 0.000

Type  : Slow 1200mV 0C Model Hold 'altera_reserved_tck'
Slack : 0.357
TNS   : 0.000

Type  : Slow 1200mV 0C Model Recovery 'u1|u1|altpll_component|pll|clk[0]'
Slack : 7.039
TNS   : 0.000

Type  : Slow 1200mV 0C Model Recovery 'OSC_50'
Slack : 9.197
TNS   : 0.000

Type  : Slow 1200mV 0C Model Recovery 'altera_reserved_tck'
Slack : 48.533
TNS   : 0.000

Type  : Slow 1200mV 0C Model Removal 'altera_reserved_tck'
Slack : 1.065
TNS   : 0.000

Type  : Slow 1200mV 0C Model Removal 'u1|u1|altpll_component|pll|clk[0]'
Slack : 1.370
TNS   : 0.000

Type  : Slow 1200mV 0C Model Removal 'OSC_50'
Slack : 6.445
TNS   : 0.000

Type  : Slow 1200mV 0C Model Minimum Pulse Width 'u1|u1|altpll_component|pll|clk[0]'
Slack : 4.622
TNS   : 0.000

Type  : Slow 1200mV 0C Model Minimum Pulse Width 'OSC_50'
Slack : 9.440
TNS   : 0.000

Type  : Slow 1200mV 0C Model Minimum Pulse Width 'u1|u1|altpll_component|pll|clk[2]'
Slack : 19.709
TNS   : 0.000

Type  : Slow 1200mV 0C Model Minimum Pulse Width 'altera_reserved_tck'
Slack : 49.411
TNS   : 0.000

Type  : Fast 1200mV 0C Model Setup 'u1|u1|altpll_component|pll|clk[0]'
Slack : 2.923
TNS   : 0.000

Type  : Fast 1200mV 0C Model Setup 'OSC_50'
Slack : 12.241
TNS   : 0.000

Type  : Fast 1200mV 0C Model Setup 'u1|u1|altpll_component|pll|clk[2]'
Slack : 15.807
TNS   : 0.000

Type  : Fast 1200mV 0C Model Setup 'altera_reserved_tck'
Slack : 48.109
TNS   : 0.000

Type  : Fast 1200mV 0C Model Hold 'OSC_50'
Slack : 0.099
TNS   : 0.000

Type  : Fast 1200mV 0C Model Hold 'u1|u1|altpll_component|pll|clk[2]'
Slack : 0.130
TNS   : 0.000

Type  : Fast 1200mV 0C Model Hold 'u1|u1|altpll_component|pll|clk[0]'
Slack : 0.182
TNS   : 0.000

Type  : Fast 1200mV 0C Model Hold 'altera_reserved_tck'
Slack : 0.184
TNS   : 0.000

Type  : Fast 1200mV 0C Model Recovery 'u1|u1|altpll_component|pll|clk[0]'
Slack : 8.334
TNS   : 0.000

Type  : Fast 1200mV 0C Model Recovery 'OSC_50'
Slack : 13.610
TNS   : 0.000

Type  : Fast 1200mV 0C Model Recovery 'altera_reserved_tck'
Slack : 49.478
TNS   : 0.000

Type  : Fast 1200mV 0C Model Removal 'altera_reserved_tck'
Slack : 0.556
TNS   : 0.000

Type  : Fast 1200mV 0C Model Removal 'u1|u1|altpll_component|pll|clk[0]'
Slack : 0.712
TNS   : 0.000

Type  : Fast 1200mV 0C Model Removal 'OSC_50'
Slack : 3.673
TNS   : 0.000

Type  : Fast 1200mV 0C Model Minimum Pulse Width 'u1|u1|altpll_component|pll|clk[0]'
Slack : 4.733
TNS   : 0.000

Type  : Fast 1200mV 0C Model Minimum Pulse Width 'OSC_50'
Slack : 9.199
TNS   : 0.000

Type  : Fast 1200mV 0C Model Minimum Pulse Width 'u1|u1|altpll_component|pll|clk[2]'
Slack : 19.752
TNS   : 0.000

Type  : Fast 1200mV 0C Model Minimum Pulse Width 'altera_reserved_tck'
Slack : 49.285
TNS   : 0.000

------------------------------------------------------------
